// Vitest Snapshot v1

exports[`Select matches base snapshot 1`] = `
<DocumentFragment>
  <div
    class="flex flex-col"
  >
    <label
      class="mr-2"
      for=":r0:"
    >
      Search
    </label>
    <select
      class="rounded-md p-1 bg-white dark:bg-neutral-700"
      id=":r0:"
    >
      <option
        value="{\\"name\\":\\"Pizza\\",\\"center\\":{\\"lat\\":0,\\"lng\\":0}}"
      >
        Pizza
      </option>
      <option
        value="{\\"name\\":\\"Tacos\\",\\"center\\":{\\"lat\\":1,\\"lng\\":1}}"
      >
        Tacos
      </option>
      <option
        value="{\\"name\\":\\"Pasta\\",\\"center\\":{\\"lat\\":2,\\"lng\\":2}}"
      >
        Pasta
      </option>
    </select>
  </div>
</DocumentFragment>
`;
